// Jest Snapshot v1, https://goo.gl/fbAQLP

exports[`FiltersMenu renders correctly 1`] = `
<ul
  className="menu"
>
  <li
    className="filter"
  >
    <label
      className="filter"
      htmlFor="all"
    >
      all
      <input
        className="menu-filter"
        defaultChecked={true}
        id="all"
        name="filters"
        onChange={[Function]}
        type="radio"
        value="all"
      />
      <span
        className="checkmark"
      />
    </label>
  </li>
  <li
    className="filter"
  >
    <label
      className="filter"
      htmlFor="documentary"
    >
      documentary
      <input
        className="menu-filter"
        defaultChecked={false}
        id="documentary"
        name="filters"
        onChange={[Function]}
        type="radio"
        value="documentary"
      />
      <span
        className="checkmark"
      />
    </label>
  </li>
  <li
    className="filter"
  >
    <label
      className="filter"
      htmlFor="comedy"
    >
      comedy
      <input
        className="menu-filter"
        defaultChecked={false}
        id="comedy"
        name="filters"
        onChange={[Function]}
        type="radio"
        value="comedy"
      />
      <span
        className="checkmark"
      />
    </label>
  </li>
  <li
    className="filter"
  >
    <label
      className="filter"
      htmlFor="horror"
    >
      horror
      <input
        className="menu-filter"
        defaultChecked={false}
        id="horror"
        name="filters"
        onChange={[Function]}
        type="radio"
        value="horror"
      />
      <span
        className="checkmark"
      />
    </label>
  </li>
  <li
    className="filter"
  >
    <label
      className="filter"
      htmlFor="crime"
    >
      crime
      <input
        className="menu-filter"
        defaultChecked={false}
        id="crime"
        name="filters"
        onChange={[Function]}
        type="radio"
        value="crime"
      />
      <span
        className="checkmark"
      />
    </label>
  </li>
</ul>
`;
