// Jest Snapshot v1, https://goo.gl/fbAQLP

exports[`SearchForm renders correctly 1`] = `
<div
  className="container"
>
  <form
    onSubmit={[Function]}
  >
    <input
      className="input"
      onChange={[Function]}
      placeholder="What do you want to watch?"
      required={true}
      value=""
    />
    <button
      className="btn btn--lg btn--primary"
      onClick={[Function]}
      type="submit"
    >
      SEARCH
    </button>
  </form>
</div>
`;
