// Jest Snapshot v1, https://goo.gl/fbAQLP

exports[`Main renders correctly 1`] = `
<div
  className="background"
>
  <div
    className="container"
  >
    <div
      className="menu-row"
    >
      <ul
        className="menu"
      >
        <li
          className="filter"
        >
          <label
            className="filter"
            htmlFor="all"
          >
            all
            <input
              className="menu-filter"
              defaultChecked={true}
              id="all"
              name="filters"
              onChange={[Function]}
              type="radio"
              value="all"
            />
            <span
              className="checkmark"
            />
          </label>
        </li>
        <li
          className="filter"
        >
          <label
            className="filter"
            htmlFor="documentary"
          >
            documentary
            <input
              className="menu-filter"
              defaultChecked={false}
              id="documentary"
              name="filters"
              onChange={[Function]}
              type="radio"
              value="documentary"
            />
            <span
              className="checkmark"
            />
          </label>
        </li>
        <li
          className="filter"
        >
          <label
            className="filter"
            htmlFor="comedy"
          >
            comedy
            <input
              className="menu-filter"
              defaultChecked={false}
              id="comedy"
              name="filters"
              onChange={[Function]}
              type="radio"
              value="comedy"
            />
            <span
              className="checkmark"
            />
          </label>
        </li>
        <li
          className="filter"
        >
          <label
            className="filter"
            htmlFor="horror"
          >
            horror
            <input
              className="menu-filter"
              defaultChecked={false}
              id="horror"
              name="filters"
              onChange={[Function]}
              type="radio"
              value="horror"
            />
            <span
              className="checkmark"
            />
          </label>
        </li>
        <li
          className="filter"
        >
          <label
            className="filter"
            htmlFor="crime"
          >
            crime
            <input
              className="menu-filter"
              defaultChecked={false}
              id="crime"
              name="filters"
              onChange={[Function]}
              type="radio"
              value="crime"
            />
            <span
              className="checkmark"
            />
          </label>
        </li>
      </ul>
      <div
        className="container"
      >
        <div
          className="_inner"
        >
          <div
            className="label"
          >
            SORT BY
          </div>
          <div
            className="selected-method"
            data-testid="selected-method"
            onClick={[Function]}
          >
            release date
          </div>
        </div>
        <ul
          className="options-container"
        >
          <li
            className="option"
            onClick={[Function]}
          >
            release date
          </li>
          <li
            className="option"
            onClick={[Function]}
          >
            movie title
          </li>
          <li
            className="option"
            onClick={[Function]}
          >
            movie genre
          </li>
        </ul>
      </div>
    </div>
    <hr
      className="separator"
    />
    <div
      className="inner"
    >
      <h3
        className="no-movies-warn"
      >
        No Movie Found
      </h3>
    </div>
  </div>
  <div
    className="container"
  >
    <div>
      <span
        className="brand brand--bold"
      >
        netflix
      </span>
      <span
        className="brand"
      >
        roulette
      </span>
    </div>
  </div>
</div>
`;
